indentation/bad-1.fly:3: ERROR : work package indentation error
