indentation/bad-4.fly:6: ERROR : work package indentation error
1 error.
