indentation/bad-2.fly:4: ERROR : work package indentation error
1 error.
