Bad time filter argument: bad-filter-string
Bill of materials:
bad-filter-option.fly
1 file(s) processed
Day check (bad-filter-string):
2012-07-14 Sat: worked  8.00, allocated  6.00, delta -2.00
