Day check (all):
2012-09-12 Wed: worked  5.00, allocated  2.00, delta -3.00
2012-09-14 Fri: worked  0.50, allocated  1.25, delta  0.75
2 problems detected.
