day-merge.fly:18: ERROR : day 2012-10-17 redefined.
Day check (all):
2012-10-17 Wed: worked  4.00, allocated  0.00, delta -4.00
1 problem detected.
Time at work overview (all):
     when        worked   leave    sick balance
2012-10-15 Mon:    8.00 ----.-- ----.-- ----.--
2012-10-16 Tue:    6.00 ----.-- ----.--   -2.00
2012-10-17 Wed:    4.00 ----.-- ----.--   -4.00
  week 2012-42:   18.00 ----.-- ----.--   -6.00
 month 2012-10:   18.00 ----.-- ----.--   -6.00
         total:   18.00 ----.-- ----.--   -6.00
     when        worked   leave    sick balance
Work package summary (all):
  14.00 : ALL
       7.50 : a
              - 2012-10-15 5.0
              - 2012-10-16 2.5
       6.50 : b
              - 2012-10-15 3.0
              - 2012-10-16 3.5
