day-defined-again.fly:6: ERROR : day 2012-11-07 redefined.
