Time at work overview (all):
     when        worked   leave    sick balance
2012-07-17 Tue:    9.00 ----.--    3.75    4.75
2012-07-18 Wed:    9.00 ----.-- ----.--    1.00
2012-07-19 Thu:    9.00    1.50 ----.--    2.50
  week 2012-29:   27.00    1.50    3.75    8.25
 month 2012-07:   27.00    1.50    3.75    8.25
         total:   27.00    1.50    3.75    8.25
     when        worked   leave    sick balance
Work package summary (all):
   6.00 : ALL
       2.25 : a
       1.00 : b
       2.25 : c
       0.50 : d
