Time at work overview (all):
     when        worked   leave    sick balance
2012-05-03 Thu:    8.00 ----.-- ----.-- ----.--
2012-05-04 Fri: ----.-- ----.-- ----.-- ----.-- Frugal Friday
  week 2012-18:    8.00 ----.-- ----.-- ----.--
2012-05-07 Mon:    8.00 ----.-- ----.-- ----.--
2012-05-09 Wed: ----.-- ----.-- ----.-- ----.-- Harking Hayday
  week 2012-19:    8.00 ----.-- ----.-- ----.--
 month 2012-05:   16.00 ----.-- ----.-- ----.--
         total:   16.00 ----.-- ----.-- ----.--
     when        worked   leave    sick balance
