Time at work overview (all):
     when        worked   leave    sick
2012-08-23 Thu:    8.25 ----.-- ----.--
2012-08-24 Fri:    8.25 ----.-- ----.--
  week 2012-34:   16.50 ----.-- ----.--
2012-08-27 Mon:    8.25 ----.-- ----.--
2012-08-28 Tue:    8.25 ----.-- ----.--
2012-08-29 Wed:    9.25 ----.-- ----.--
2012-08-30 Thu: ----.--    8.00 ----.-- hiking
2012-08-31 Fri: ----.--    8.00 ----.-- hiking
  week 2012-35:   25.75   16.00 ----.--
 month 2012-08:   42.25   16.00 ----.--
2012-09-03 Mon: ----.--    8.00 ----.-- hiking
2012-09-04 Tue: ----.--    8.00 ----.-- hiking
2012-09-05 Wed:    8.25 ----.-- ----.--
2012-09-06 Thu:    9.25 ----.-- ----.--
2012-09-07 Fri:    8.25 ----.-- ----.--
  week 2012-36:   25.75   16.00 ----.--
2012-09-10 Mon:    8.25 ----.-- ----.--
2012-09-11 Tue: ----.-- ----.--    8.00 stomach
2012-09-12 Wed: ----.-- ----.--    8.00 migraine
2012-09-13 Thu:    8.25 ----.-- ----.--
2012-09-14 Fri:    9.25 ----.-- ----.--
  week 2012-37:   25.75 ----.--   16.00
2012-09-17 Mon:    9.25 ----.-- ----.--
2012-09-18 Tue:    8.25 ----.-- ----.--
  week 2012-38:   17.50 ----.-- ----.--
 month 2012-09:   69.00   16.00   16.00
         total:  111.25   32.00   16.00
     when        worked   leave    sick
