Time at work overview (week, month):
     when        worked   leave    sick
  week 2012-35:   42.25 ----.-- ----.--
 month 2012-08:   42.25 ----.-- ----.--
  week 2012-36:   43.25 ----.-- ----.--
  week 2012-37:   17.50 ----.-- ----.--
 month 2012-09:   60.75 ----.-- ----.--
         total:  103.00 ----.-- ----.--
     when        worked   leave    sick
