Time at work overview (week):
     when        worked   leave    sick
  week 2012-35:   42.25 ----.-- ----.--
  week 2012-36:   43.25 ----.-- ----.--
  week 2012-37:   17.50 ----.-- ----.--
         total:  103.00 ----.-- ----.--
     when        worked   leave    sick
