Work package summary (2012-07-14..2012-08-01):
  14.50 : ALL
      14.50 : project; the big fat project
           6.00 : sub1
               3.50 : aa
                      - 2012-08-01 1.5; hee haa aa
                      - 2012-07-14 2.0; hee haa aa
               2.50 : cc
                      - 2012-08-01 2.5; hee haa cc
           8.50 : sub2
               1.00 : _self
                      - 2012-08-01 1.0; some sorting out
               4.00 : bbb
                      - 2012-07-14 4.0; yayy bbb
               3.50 : ccc
                      - 2012-08-01 3.5; yayy ccc
