Work package breakdown:
ALL
    aaa
        bbb
            bbbb
            bbbb2; green leaves on the tree
        ccc
            cccc
Time at work overview (2012-07):
     when        worked   leave    sick    must
2012-07-18 Wed:    9.00 ----.-- ----.--    8.00
  week 2012-29:    9.00 ----.-- ----.--    8.00
 month 2012-07:    9.00 ----.-- ----.--    8.00
         total:    9.00 ----.-- ----.--    8.00
     when        worked   leave    sick    must
Work package summary (2012-07):
   3.50 : ALL
       3.50 : aaa
           3.50 : bbb
