failed to open file; [Errno 2] No such file or directory: 'this-file-does-not-exist.fly'
Bill of materials:
no files processed.
