Work package breakdown:
ALL
    aa
        bbb
            xxx
                sss
                ttt
                uuu
            yyy
        ccc
            gogo
            gugu
            gaga
        ddd
