Work package breakdown:
ALL
    aaa
        bbb
            bbbb
            bbbb2 -- green leaves on the tree
        ccc
            cccc
Time at work overview (2012-07):
2012-07-18, Wed:  9.00 worked, --.-- leave, --.-- ill
weekly: must =   8.00, worked =   9.00, ill =   0.00, leave taken=   0.00, leave left =   0.00, have =   9.00
global: must =   8.00, worked =   9.00, ill =   0.00, leave taken=   0.00, leave left =   0.00, have =   9.00
Work package summary (2012-07):
  3.50 : ALL
      3.50 : aaa
          3.50 : bbb
