Work package breakdown:
ALL
    aaa
    bbb
    ccc
