Time at work overview (week):
   week 2012-35: 42.25 worked, --.-- leave, --.-- ill
   week 2012-36: 43.25 worked, --.-- leave, --.-- ill
   week 2012-37: 17.50 worked, --.-- leave, --.-- ill
          total: 103.00 worked, --.-- leave, --.-- ill
