imports/self-import-1.fly:1: WARNING : file imports/self-import-1.fly already processed
Time at work overview (all):
     when        worked   leave    sick balance
2012-01-03 Tue:    4.00 ----.-- ----.--   -4.00
              ; aaa 2.5
              ; bbb 1.5
  week 2012-01:    4.00 ----.-- ----.--   -4.00
 month 2012-01:    4.00 ----.-- ----.--   -4.00
         total:    4.00 ----.-- ----.--   -4.00
     when        worked   leave    sick balance
