Work package breakdown:
ALL
    pro; project of some sort
        aaa; part aaa
        bbb; part bbb
            xxx; detail xxx
            yyy; detail yyy
        ccc; part ccc
