Time at work overview (all):
     when        worked   leave    sick    must
2012-01-03 Tue:    4.00 ----.-- ----.--    8.00
  week 2012-01:    4.00 ----.-- ----.--    8.00
 month 2012-01:    4.00 ----.-- ----.--    8.00
         total:    4.00 ----.-- ----.--    8.00
     when        worked   leave    sick    must
Work package summary (all):
   4.00 : ALL
       2.50 : aaa
       1.50 : bbb
